## Mapfile written on 2024-04-17 at 12:44:50
MAP
    NAME "E020N40"
    EXTENT 20.0 -10.0 60.0 40.0
    SIZE 4800 6000
    PROJECTION
        "init=EPSG:4326"  # Set the EPSG code
    END

    WEB
        METADATA
          'wms_title'          'E020N40'
          'wms_enable_request' '*'
          'wms_srs'            'EPSG:4326'
        END 
    END
    
    LAYER
        NAME "E020N40"
        DATA "E020N40.tif"
        TYPE RASTER
        STATUS ON
        EXTENT 20.0 -10.0 60.0 40.0
        PROJECTION
            "init=EPSG:4326"
        END
        PROCESSING "NODATA=-9999"  # Set your desired Nodata value
        PROCESSING "LUT=-407:0, 5825:255"  # Define the LUT (elevation:color)
    END
    
    LAYER
        NAME "E020N40_EMeraldCustomTerrain_-28_to_2540_pseudo_hist_norm"
        DATA "E020N40.tif"
        TYPE RASTER
        STATUS ON
        EXTENT 20.0 -10.0 60.0 40.0
        PROJECTION
            "init=EPSG:4326"
        END
        PROCESSING "BANDS=1,1,1,1"
        PROCESSING "LUT_1=E020N40_EMeraldCustomTerrain_-28_to_2540_pseudo_hist_norm_r.lut"
        PROCESSING "LUT_2=E020N40_EMeraldCustomTerrain_-28_to_2540_pseudo_hist_norm_g.lut"
        PROCESSING "LUT_3=E020N40_EMeraldCustomTerrain_-28_to_2540_pseudo_hist_norm_b.lut"
        PROCESSING "LUT_4=E020N40_EMeraldCustomTerrain_-28_to_2540_pseudo_hist_norm_a.lut"
    END

    LAYER
        NAME "E020N40_EMeraldCustomTerrain_-28_to_2540_pseudo_linear"
        DATA "E020N40.tif"
        TYPE RASTER
        STATUS ON
        EXTENT 20.0 -10.0 60.0 40.0
        PROJECTION
            "init=EPSG:4326"
        END
        PROCESSING "BANDS=1,1,1,1"
        PROCESSING "LUT_1=E020N40_EMeraldCustomTerrain_-28_to_2540_pseudo_linear_r.lut"
        PROCESSING "LUT_2=E020N40_EMeraldCustomTerrain_-28_to_2540_pseudo_linear_g.lut"
        PROCESSING "LUT_3=E020N40_EMeraldCustomTerrain_-28_to_2540_pseudo_linear_b.lut"
        PROCESSING "LUT_4=E020N40_EMeraldCustomTerrain_-28_to_2540_pseudo_linear_a.lut"
    END

    LAYER
        NAME "E020N40_rgba_EMeraldCustomTerrain_-28_to_2540_pseudo_hist_norm_NaN_lut.lut"
        DATA "E020N40.tif"
        TYPE RASTER
        STATUS ON
        EXTENT 20.0 -10.0 60.0 40.0
        PROJECTION
            "init=EPSG:4326"
        END
        PROCESSING "BANDS=1,1,1,1"
        PROCESSING "LUT=E020N40_rgba_EMeraldCustomTerrain_-28_to_2540_pseudo_hist_norm_NaN_lut.lut"
    END

    LAYER
        NAME "E020N40_rgba_EMeraldCustomTerrain_-28_to_2540_pseudo_hist_norm_lut.lut"
        DATA "E020N40.tif"
        TYPE RASTER
        STATUS ON
        EXTENT 20.0 -10.0 60.0 40.0
        PROJECTION
            "init=EPSG:4326"
        END
        PROCESSING "BANDS=1,1,1,1"
        PROCESSING "LUT=E020N40_rgba_EMeraldCustomTerrain_-28_to_2540_pseudo_hist_norm_lut.lut"
    END

    LAYER
        NAME "E020N40_rgba_EMeraldCustomTerrain_-28_to_2540_pseudo_linear_NaN_lut.lut"
        DATA "E020N40.tif"
        TYPE RASTER
        STATUS ON
        EXTENT 20.0 -10.0 60.0 40.0
        PROJECTION
            "init=EPSG:4326"
        END
        PROCESSING "BANDS=1,1,1,1"
        PROCESSING "LUT=E020N40_rgba_EMeraldCustomTerrain_-28_to_2540_pseudo_linear_NaN_lut.lut"
    END

    LAYER
        NAME "E020N40_rgba_EMeraldCustomTerrain_-28_to_2540_pseudo_linear_lut.lut"
        DATA "E020N40.tif"
        TYPE RASTER
        STATUS ON
        EXTENT 20.0 -10.0 60.0 40.0
        PROJECTION
            "init=EPSG:4326"
        END
        PROCESSING "BANDS=1,1,1,1"
        PROCESSING "LUT=E020N40_rgba_EMeraldCustomTerrain_-28_to_2540_pseudo_linear_lut.lut"
    END

    LAYER
        NAME "E020N40_rgba_EMeraldCustomTerrain_-28_to_2540_pseudo_hist_norm"
        DATA "E020N40_rgba_EMeraldCustomTerrain_-28_to_2540_pseudo_hist_norm.tif"
        TYPE RASTER
        STATUS ON
        EXTENT 20.0 -10.0 60.0 40.0
        PROJECTION
            "init=EPSG:4326"
        END
    END

    LAYER
        NAME "E020N40_rgba_EMeraldCustomTerrain_-28_to_2540_pseudo_linear"
        DATA "E020N40_rgba_EMeraldCustomTerrain_-28_to_2540_pseudo_linear.tif"
        TYPE RASTER
        STATUS ON
        EXTENT 20.0 -10.0 60.0 40.0
        PROJECTION
            "init=EPSG:4326"
        END
    END

    LAYER
        NAME "E020N40_hillshade_az000_al30"
        DATA "E020N40_hillshade_az000_al30.tif"
        TYPE RASTER
        STATUS ON
        EXTENT 20.0 -10.0 60.0 40.0
        PROJECTION
            "init=EPSG:4326"
        END
        COMPOSITE
            OPACITY 50
        END
    END

    LAYER
        NAME "E020N40_hillshade_az000_al60"
        DATA "E020N40_hillshade_az000_al60.tif"
        TYPE RASTER
        STATUS ON
        EXTENT 20.0 -10.0 60.0 40.0
        PROJECTION
            "init=EPSG:4326"
        END
        COMPOSITE
            OPACITY 50
        END
    END

    LAYER
        NAME "E020N40_hillshade_az045_al30"
        DATA "E020N40_hillshade_az045_al30.tif"
        TYPE RASTER
        STATUS ON
        EXTENT 20.0 -10.0 60.0 40.0
        PROJECTION
            "init=EPSG:4326"
        END
        COMPOSITE
            OPACITY 50
        END
    END

    LAYER
        NAME "E020N40_hillshade_az045_al60"
        DATA "E020N40_hillshade_az045_al60.tif"
        TYPE RASTER
        STATUS ON
        EXTENT 20.0 -10.0 60.0 40.0
        PROJECTION
            "init=EPSG:4326"
        END
        COMPOSITE
            OPACITY 50
        END
    END

    LAYER
        NAME "E020N40_hillshade_az090_al30"
        DATA "E020N40_hillshade_az090_al30.tif"
        TYPE RASTER
        STATUS ON
        EXTENT 20.0 -10.0 60.0 40.0
        PROJECTION
            "init=EPSG:4326"
        END
        COMPOSITE
            OPACITY 50
        END
    END

    LAYER
        NAME "E020N40_hillshade_az090_al60"
        DATA "E020N40_hillshade_az090_al60.tif"
        TYPE RASTER
        STATUS ON
        EXTENT 20.0 -10.0 60.0 40.0
        PROJECTION
            "init=EPSG:4326"
        END
        COMPOSITE
            OPACITY 50
        END
    END

    LAYER
        NAME "E020N40_hillshade_az135_al30"
        DATA "E020N40_hillshade_az135_al30.tif"
        TYPE RASTER
        STATUS ON
        EXTENT 20.0 -10.0 60.0 40.0
        PROJECTION
            "init=EPSG:4326"
        END
        COMPOSITE
            OPACITY 50
        END
    END

    LAYER
        NAME "E020N40_hillshade_az135_al60"
        DATA "E020N40_hillshade_az135_al60.tif"
        TYPE RASTER
        STATUS ON
        EXTENT 20.0 -10.0 60.0 40.0
        PROJECTION
            "init=EPSG:4326"
        END
        COMPOSITE
            OPACITY 50
        END
    END

    LAYER
        NAME "E020N40_hillshade_az180_al30"
        DATA "E020N40_hillshade_az180_al30.tif"
        TYPE RASTER
        STATUS ON
        EXTENT 20.0 -10.0 60.0 40.0
        PROJECTION
            "init=EPSG:4326"
        END
        COMPOSITE
            OPACITY 50
        END
    END

    LAYER
        NAME "E020N40_hillshade_az180_al60"
        DATA "E020N40_hillshade_az180_al60.tif"
        TYPE RASTER
        STATUS ON
        EXTENT 20.0 -10.0 60.0 40.0
        PROJECTION
            "init=EPSG:4326"
        END
        COMPOSITE
            OPACITY 50
        END
    END

    LAYER
        NAME "E020N40_hillshade_az225_al30"
        DATA "E020N40_hillshade_az225_al30.tif"
        TYPE RASTER
        STATUS ON
        EXTENT 20.0 -10.0 60.0 40.0
        PROJECTION
            "init=EPSG:4326"
        END
        COMPOSITE
            OPACITY 50
        END
    END

    LAYER
        NAME "E020N40_hillshade_az225_al60"
        DATA "E020N40_hillshade_az225_al60.tif"
        TYPE RASTER
        STATUS ON
        EXTENT 20.0 -10.0 60.0 40.0
        PROJECTION
            "init=EPSG:4326"
        END
        COMPOSITE
            OPACITY 50
        END
    END

    LAYER
        NAME "E020N40_hillshade_az270_al30"
        DATA "E020N40_hillshade_az270_al30.tif"
        TYPE RASTER
        STATUS ON
        EXTENT 20.0 -10.0 60.0 40.0
        PROJECTION
            "init=EPSG:4326"
        END
        COMPOSITE
            OPACITY 50
        END
    END

    LAYER
        NAME "E020N40_hillshade_az270_al45"
        DATA "E020N40_hillshade_az270_al45.tif"
        TYPE RASTER
        STATUS ON
        EXTENT 20.0 -10.0 60.0 40.0
        PROJECTION
            "init=EPSG:4326"
        END
        COMPOSITE
            OPACITY 50
        END
    END

    LAYER
        NAME "E020N40_hillshade_az270_al60"
        DATA "E020N40_hillshade_az270_al60.tif"
        TYPE RASTER
        STATUS ON
        EXTENT 20.0 -10.0 60.0 40.0
        PROJECTION
            "init=EPSG:4326"
        END
        COMPOSITE
            OPACITY 50
        END
    END

    LAYER
        NAME "E020N40_hillshade_az315_al30"
        DATA "E020N40_hillshade_az315_al30.tif"
        TYPE RASTER
        STATUS ON
        EXTENT 20.0 -10.0 60.0 40.0
        PROJECTION
            "init=EPSG:4326"
        END
        COMPOSITE
            OPACITY 50
        END
    END

    LAYER
        NAME "E020N40_hillshade_az315_al60"
        DATA "E020N40_hillshade_az315_al60.tif"
        TYPE RASTER
        STATUS ON
        EXTENT 20.0 -10.0 60.0 40.0
        PROJECTION
            "init=EPSG:4326"
        END
        COMPOSITE
            OPACITY 50
        END
    END

    LAYER
        NAME "E020N40_hillshade_pca16-component_1"
        DATA "E020N40_hillshade_pca16-component_1.tif"
        TYPE RASTER
        STATUS ON
        EXTENT 20.0 -10.0 60.0 40.0
        PROJECTION
            "init=EPSG:4326"
        END
        COMPOSITE
            OPACITY 50
        END
    END

    LAYER
        NAME "E020N40_hillshade_pca16-component_2"
        DATA "E020N40_hillshade_pca16-component_2.tif"
        TYPE RASTER
        STATUS ON
        EXTENT 20.0 -10.0 60.0 40.0
        PROJECTION
            "init=EPSG:4326"
        END
        COMPOSITE
            OPACITY 50
        END
    END

    LAYER
        NAME "E020N40_hillshade_pca16-component_3"
        DATA "E020N40_hillshade_pca16-component_3.tif"
        TYPE RASTER
        STATUS ON
        EXTENT 20.0 -10.0 60.0 40.0
        PROJECTION
            "init=EPSG:4326"
        END
        COMPOSITE
            OPACITY 50
        END
    END

END
    